// Jest Snapshot v1, https://goo.gl/fbAQLP

exports[`<HintRow /> matches snapshot 1`] = `
<View
  style={
    {
      "flexDirection": "row",
      "justifyContent": "space-between",
    }
  }
>
  <Text
    style={
      [
        {
          "color": "#1b1b24",
        },
        false,
        false,
        false,
        {
          "fontFamily": "JetBrains Mono",
          "fontSize": 14,
          "fontWeight": "500",
          "letterSpacing": 0.28,
          "lineHeight": 20,
        },
        false,
        false,
        false,
        false,
        false,
        false,
        false,
        false,
        false,
        false,
        false,
        false,
        undefined,
      ]
    }
  >
    Test
  </Text>
  <View
    style={
      [
        {
          "backgroundColor": "#f5f2ff",
        },
        {
          "borderRadius": 8,
          "paddingHorizontal": 8,
          "paddingVertical": 2,
        },
      ]
    }
  >
    <Text
      style={
        [
          {
            "color": "#464555",
          },
          {
            "fontFamily": "Manrope",
            "fontSize": 16,
            "fontWeight": "400",
            "lineHeight": 24,
          },
          false,
          false,
          false,
          false,
          false,
          false,
          false,
          false,
          false,
          false,
          false,
          false,
          false,
          false,
          false,
          undefined,
        ]
      }
    >
      value
    </Text>
  </View>
</View>
`;
