// Jest Snapshot v1, https://goo.gl/fbAQLP

exports[`<HomeScreen /> matches snapshot (iOS simulator) 1`] = `
<View
  style={
    [
      {
        "backgroundColor": "#fcf8ff",
      },
      {
        "flex": 1,
        "flexDirection": "row",
        "justifyContent": "center",
      },
    ]
  }
>
  <View
    style={
      {
        "alignItems": "center",
        "flex": 1,
        "gap": 16,
        "maxWidth": 800,
        "paddingBottom": 66,
        "paddingHorizontal": 24,
      }
    }
  >
    <View
      style={
        [
          {
            "backgroundColor": "#fcf8ff",
          },
          {
            "alignItems": "center",
            "flex": 1,
            "gap": 24,
            "justifyContent": "center",
            "paddingHorizontal": 24,
          },
        ]
      }
    >
      <Text
        style={
          [
            {
              "color": "#1b1b24",
            },
            false,
            {
              "fontFamily": "Manrope",
              "fontSize": 48,
              "fontWeight": "800",
              "letterSpacing": -0.96,
              "lineHeight": 56,
            },
            false,
            false,
            false,
            false,
            false,
            false,
            false,
            false,
            false,
            false,
            false,
            false,
            false,
            false,
            {
              "textAlign": "center",
            },
          ]
        }
      >
        Welcome to Expo
      </Text>
    </View>
    <Text
      style={
        [
          {
            "color": "#1b1b24",
          },
          false,
          false,
          false,
          false,
          false,
          false,
          false,
          [
            {
              "fontFamily": "JetBrains Mono",
              "fontSize": 12,
              "fontWeight": "500",
              "letterSpacing": 0.6000000000000001,
              "lineHeight": 16,
            },
            {
              "fontFamily": "ui-monospace",
            },
          ],
          false,
          false,
          false,
          false,
          false,
          false,
          false,
          false,
          {
            "textTransform": "uppercase",
          },
        ]
      }
    >
      get started
    </Text>
    <View
      style={
        [
          {
            "backgroundColor": "#ffffff",
          },
          {
            "alignSelf": "stretch",
            "borderRadius": 24,
            "gap": 16,
            "paddingHorizontal": 16,
            "paddingVertical": 24,
          },
        ]
      }
    >
      <View
        style={
          {
            "flexDirection": "row",
            "justifyContent": "space-between",
          }
        }
      >
        <Text
          style={
            [
              {
                "color": "#1b1b24",
              },
              false,
              false,
              false,
              {
                "fontFamily": "JetBrains Mono",
                "fontSize": 14,
                "fontWeight": "500",
                "letterSpacing": 0.28,
                "lineHeight": 20,
              },
              false,
              false,
              false,
              false,
              false,
              false,
              false,
              false,
              false,
              false,
              false,
              false,
              undefined,
            ]
          }
        >
          Try editing
        </Text>
        <View
          style={
            [
              {
                "backgroundColor": "#f5f2ff",
              },
              {
                "borderRadius": 8,
                "paddingHorizontal": 8,
                "paddingVertical": 2,
              },
            ]
          }
        >
          <Text
            style={
              [
                {
                  "color": "#464555",
                },
                {
                  "fontFamily": "Manrope",
                  "fontSize": 16,
                  "fontWeight": "400",
                  "lineHeight": 24,
                },
                false,
                false,
                false,
                false,
                false,
                false,
                false,
                false,
                false,
                false,
                false,
                false,
                false,
                false,
                false,
                undefined,
              ]
            }
          >
            <Text
              style={
                [
                  {
                    "color": "#1b1b24",
                  },
                  false,
                  false,
                  false,
                  false,
                  false,
                  false,
                  false,
                  [
                    {
                      "fontFamily": "JetBrains Mono",
                      "fontSize": 12,
                      "fontWeight": "500",
                      "letterSpacing": 0.6000000000000001,
                      "lineHeight": 16,
                    },
                    {
                      "fontFamily": "ui-monospace",
                    },
                  ],
                  false,
                  false,
                  false,
                  false,
                  false,
                  false,
                  false,
                  false,
                  undefined,
                ]
              }
            >
              src/app/index.tsx
            </Text>
          </Text>
        </View>
      </View>
      <View
        style={
          {
            "flexDirection": "row",
            "justifyContent": "space-between",
          }
        }
      >
        <Text
          style={
            [
              {
                "color": "#1b1b24",
              },
              false,
              false,
              false,
              {
                "fontFamily": "JetBrains Mono",
                "fontSize": 14,
                "fontWeight": "500",
                "letterSpacing": 0.28,
                "lineHeight": 20,
              },
              false,
              false,
              false,
              false,
              false,
              false,
              false,
              false,
              false,
              false,
              false,
              false,
              undefined,
            ]
          }
        >
          Dev tools
        </Text>
        <View
          style={
            [
              {
                "backgroundColor": "#f5f2ff",
              },
              {
                "borderRadius": 8,
                "paddingHorizontal": 8,
                "paddingVertical": 2,
              },
            ]
          }
        >
          <Text
            style={
              [
                {
                  "color": "#464555",
                },
                {
                  "fontFamily": "Manrope",
                  "fontSize": 16,
                  "fontWeight": "400",
                  "lineHeight": 24,
                },
                false,
                false,
                false,
                false,
                false,
                false,
                false,
                false,
                false,
                false,
                false,
                false,
                false,
                false,
                false,
                undefined,
              ]
            }
          >
            <Text
              style={
                [
                  {
                    "color": "#1b1b24",
                  },
                  false,
                  false,
                  false,
                  {
                    "fontFamily": "JetBrains Mono",
                    "fontSize": 14,
                    "fontWeight": "500",
                    "letterSpacing": 0.28,
                    "lineHeight": 20,
                  },
                  false,
                  false,
                  false,
                  false,
                  false,
                  false,
                  false,
                  false,
                  false,
                  false,
                  false,
                  false,
                  undefined,
                ]
              }
            >
              press 
              <Text
                style={
                  [
                    {
                      "color": "#1b1b24",
                    },
                    false,
                    false,
                    false,
                    false,
                    false,
                    false,
                    false,
                    [
                      {
                        "fontFamily": "JetBrains Mono",
                        "fontSize": 12,
                        "fontWeight": "500",
                        "letterSpacing": 0.6000000000000001,
                        "lineHeight": 16,
                      },
                      {
                        "fontFamily": "ui-monospace",
                      },
                    ],
                    false,
                    false,
                    false,
                    false,
                    false,
                    false,
                    false,
                    false,
                    undefined,
                  ]
                }
              >
                cmd+d
              </Text>
            </Text>
          </Text>
        </View>
      </View>
      <View
        style={
          {
            "flexDirection": "row",
            "justifyContent": "space-between",
          }
        }
      >
        <Text
          style={
            [
              {
                "color": "#1b1b24",
              },
              false,
              false,
              false,
              {
                "fontFamily": "JetBrains Mono",
                "fontSize": 14,
                "fontWeight": "500",
                "letterSpacing": 0.28,
                "lineHeight": 20,
              },
              false,
              false,
              false,
              false,
              false,
              false,
              false,
              false,
              false,
              false,
              false,
              false,
              undefined,
            ]
          }
        >
          Fresh start
        </Text>
        <View
          style={
            [
              {
                "backgroundColor": "#f5f2ff",
              },
              {
                "borderRadius": 8,
                "paddingHorizontal": 8,
                "paddingVertical": 2,
              },
            ]
          }
        >
          <Text
            style={
              [
                {
                  "color": "#464555",
                },
                {
                  "fontFamily": "Manrope",
                  "fontSize": 16,
                  "fontWeight": "400",
                  "lineHeight": 24,
                },
                false,
                false,
                false,
                false,
                false,
                false,
                false,
                false,
                false,
                false,
                false,
                false,
                false,
                false,
                false,
                undefined,
              ]
            }
          >
            <Text
              style={
                [
                  {
                    "color": "#1b1b24",
                  },
                  false,
                  false,
                  false,
                  false,
                  false,
                  false,
                  false,
                  [
                    {
                      "fontFamily": "JetBrains Mono",
                      "fontSize": 12,
                      "fontWeight": "500",
                      "letterSpacing": 0.6000000000000001,
                      "lineHeight": 16,
                    },
                    {
                      "fontFamily": "ui-monospace",
                    },
                  ],
                  false,
                  false,
                  false,
                  false,
                  false,
                  false,
                  false,
                  false,
                  undefined,
                ]
              }
            >
              npm run reset-project
            </Text>
          </Text>
        </View>
      </View>
    </View>
  </View>
</View>
`;
